export const snapshot = {};

snapshot[`Correctly generates Atom feed 1`] = `
'<?xml version="1.0" encoding="UTF-8"?>
<feed xmlns="http://www.w3.org/2005/Atom" xml:lang="ja">
  <title>My Blog</title>
  <link href="https://example.com/atom.xml" rel="self" type="application/atom+xml" />
  <author>
    <name>john doe</name>
  </author>
  <id>https://example.com/</id>
  <updated>2026-01-15T01:55:15.576Z</updated>
  <entry>
    <title>Hello World</title>
    <link href="https://example.com/hello-world" rel="alternate" />
    <id>https://example.com/hello-world</id>
    <updated>2026-01-15T01:55:15.576Z</updated>
    <summary>This is my first post.</summary>
  </entry>
  <entry>
    <title>Another Post</title>
    <link href="https://example.com/another-post" rel="alternate" />
    <id>https://example.com/another-post</id>
    <updated>2026-01-15T01:55:15.576Z</updated>
    <summary>This is another post.</summary>
  </entry>
</feed>'
`;

snapshot[`Correctly generates Atom feed with escaped values 1`] = `
'<?xml version="1.0" encoding="UTF-8"?>
<feed xmlns="http://www.w3.org/2005/Atom" xml:lang="ja">
  <title type="html">Less: &lt;em&gt; &amp;lt; &lt;/em&gt;</title>
</feed>'
`;
